#-----------------------------------------------------------
# Vivado v2019.2 (64-bit)
# SW Build 2708876 on Wed Nov  6 21:40:23 MST 2019
# IP Build 2700528 on Thu Nov  7 00:09:20 MST 2019
# Start of session at: Thu Feb  1 22:08:17 2024
# Process ID: 11540
# Current directory: E:/RISCV/booth/booth_mult
# Command line: vivado.exe -gui_launcher_event rodinguilauncherevent9980 E:\RISCV\booth\booth_mult\booth_mult.xpr
# Log file: E:/RISCV/booth/booth_mult/vivado.log
# Journal file: E:/RISCV/booth/booth_mult\vivado.jou
#-----------------------------------------------------------
start_gui
open_project E:/RISCV/booth/booth_mult/booth_mult.xpr
update_compile_order -fileset sources_1
create_peripheral xilinx.com user myip 1.0 -dir E:/RISCV/booth/booth_mult/../ip_repo
add_peripheral_interface S00_AXI -interface_mode slave -axi_type lite [ipx::find_open_core xilinx.com:user:myip:1.0]
generate_peripheral -driver -bfm_example_design -debug_hw_example_design [ipx::find_open_core xilinx.com:user:myip:1.0]
write_peripheral [ipx::find_open_core xilinx.com:user:myip:1.0]
set_property  ip_repo_paths  E:/RISCV/booth/booth_mult/../ip_repo/myip_1.0 [current_project]
update_ip_catalog -rebuild
