#-----------------------------------------------------------
# Vivado v2019.2 (64-bit)
# SW Build 2708876 on Wed Nov  6 21:40:23 MST 2019
# IP Build 2700528 on Thu Nov  7 00:09:20 MST 2019
# Start of session at: Tue Jan 23 00:43:13 2024
# Process ID: 18984
# Current directory: E:/RISCV/booth/booth_mult
# Command line: vivado.exe -gui_launcher_event rodinguilauncherevent22876 E:\RISCV\booth\booth_mult\booth_mult.xpr
# Log file: E:/RISCV/booth/booth_mult/vivado.log
# Journal file: E:/RISCV/booth/booth_mult\vivado.jou
#-----------------------------------------------------------
start_gui
open_project E:/RISCV/booth/booth_mult/booth_mult.xpr
update_compile_order -fileset sources_1
add_files -norecurse {E:/RISCV/booth/compressor4_2.v E:/RISCV/booth/pp_compressor4_2.v}
update_compile_order -fileset sources_1
# Disabling source management mode.  This is to allow the top design properties to be set without GUI intervention.
set_property source_mgmt_mode None [current_project]
set_property top pp_compressor4_2 [current_fileset]
# Re-enabling previously disabled source management mode.
set_property source_mgmt_mode All [current_project]
reset_run synth_2
update_compile_order -fileset sources_1
launch_runs synth_2 -jobs 4
wait_on_run synth_2
reset_run synth_2
launch_runs synth_2 -jobs 4
wait_on_run synth_2
synth_design -rtl -name rtl_1
